[backblue.gif]
[fade.gif]
[index.html]
[maxcdn.bootstrapcdn.com/bootstrap/3.3.5/css/bootstrap.min.css]
[maxcdn.bootstrapcdn.com/bootstrap/3.3.5/css/bootstrap-theme.min.css]
[maxcdn.bootstrapcdn.com/font-awesome/4.4.0/css/font-awesome.min.css]
[www.ivfspecialistkolkata.co.in/cimage34/111107icon.png]
[code.jquery.com/jquery-1.7.1.min.js]
[www.ivfspecialistkolkata.co.in/cimage34/111107ban1.jpg]
[www.ivfspecialistkolkata.co.in/cimage34/111107ban2.jpg]
[www.ivfspecialistkolkata.co.in/cimage34/111107ban3.jpg]
[www.ivfspecialistkolkata.co.in/cimage34/111107ban4.jpg]
[www.ivfspecialistkolkata.co.in/cimage34/111107ban5.jpg]
[www.ivfspecialistkolkata.co.in/cimage34/111107doc.png]
[www.ivfspecialistkolkata.co.in/cimage34/111107icon01.png]
[www.ivfspecialistkolkata.co.in/cimage34/111107icon02.png]
[www.ivfspecialistkolkata.co.in/cimage34/111107icon03.png]
[www.ivfspecialistkolkata.co.in/cimage34/111107icon04.png]
[www.ivfspecialistkolkata.co.in/cimage34/111107icon05.png]
[www.ivfspecialistkolkata.co.in/cimage34/111107icon06.png]
[www.ivfspecialistkolkata.co.in/cimage34/111107icon07.png]
[www.ivfspecialistkolkata.co.in/cimage34/111107icon08.png]
[maxcdn.bootstrapcdn.com/bootstrap/3.3.7/js/bootstrap.min.js]
[ajax.googleapis.com/ajax/libs/jquery/1.10.2/jquery.min.js]
[www.ivfspecialistkolkata.co.in/cimage34/111107sebastian-carousel.js]
[www.ivfspecialistkolkata.co.in/index.html]
[maxcdn.bootstrapcdn.com/bootstrap/3.3.5/css/bootstrap.min.css]
[maxcdn.bootstrapcdn.com/bootstrap/3.3.5/css/bootstrap-theme.min.css]
[maxcdn.bootstrapcdn.com/font-awesome/4.4.0/css/font-awesome.min.css]
[www.ivfspecialistkolkata.co.in/cimage34/111107sebastian-carousel.css]
[www.ivfspecialistkolkata.co.in/cimage34/111107menu.css]
[www.ivfspecialistkolkata.co.in/cimage34/111107ban_oth.jpg]
[www.ivfspecialistkolkata.co.in/cimage34/111107low.png]
[www.ivfspecialistkolkata.co.in/cimage34/111107headerbg.jpg]
[www.ivfspecialistkolkata.co.in/cimage34/111107low2.png]
[www.ivfspecialistkolkata.co.in/cimage34/111107style.css]
[www.ivfspecialistkolkata.co.in/index-2.html]
[www.ivfspecialistkolkata.co.in/adver/111107.html]
[www.ivfspecialistkolkata.co.in/cimage34/111107doc2.jpg]
[www.ivfspecialistkolkata.co.in/adver/111107profile.html]
[www.ivfspecialistkolkata.co.in/adver/111107treatment.html]
[www.ivfspecialistkolkata.co.in/cimage34/111107press1.jpg]
[www.ivfspecialistkolkata.co.in/cimage34/111107press2.jpg]
[www.ivfspecialistkolkata.co.in/cimage34/111107press3.jpg]
[www.ivfspecialistkolkata.co.in/cimage34/111107press4.jpg]
[www.ivfspecialistkolkata.co.in/cimage34/111107press5.jpg]
[www.ivfspecialistkolkata.co.in/cimage34/111107press6.jpg]
[www.ivfspecialistkolkata.co.in/cimage34/111107press7.jpg]
[www.ivfspecialistkolkata.co.in/cimage34/111107press8.jpg]
[www.ivfspecialistkolkata.co.in/cimage34/111107press9.jpg]
[www.ivfspecialistkolkata.co.in/cimage34/111107press10.jpg]
[www.ivfspecialistkolkata.co.in/adver/111107publication.html]
[www.ivfspecialistkolkata.co.in/adver/111107chamber.html]
[www.ivfspecialistkolkata.co.in/adver/111107faq.html]
[www.ivfspecialistkolkata.co.in/cimage34/111107lightbox-plus-jquery.min.js]
[www.ivfspecialistkolkata.co.in/cimage34/111107pic12.jpg]
[www.ivfspecialistkolkata.co.in/cimage34/111107pic13.jpg]
[www.ivfspecialistkolkata.co.in/cimage34/111107pic14.jpg]
[www.ivfspecialistkolkata.co.in/cimage34/111107pic15.jpg]
[www.ivfspecialistkolkata.co.in/cimage34/111107pic16.jpg]
[www.ivfspecialistkolkata.co.in/cimage34/111107pic17.jpg]
[www.ivfspecialistkolkata.co.in/cimage34/111107pic18.jpg]
[www.ivfspecialistkolkata.co.in/cimage34/111107pic19.jpg]
[www.ivfspecialistkolkata.co.in/cimage34/111107pic20.jpg]
[www.ivfspecialistkolkata.co.in/cimage34/111107pic21.jpg]
[www.ivfspecialistkolkata.co.in/cimage34/111107pic22.jpg]
[www.ivfspecialistkolkata.co.in/cimage34/111107pic23.jpg]
[www.ivfspecialistkolkata.co.in/cimage34/111107pic24.jpg]
[www.ivfspecialistkolkata.co.in/cimage34/111107pic25.jpg]
[www.ivfspecialistkolkata.co.in/cimage34/111107pic26.jpg]
[www.ivfspecialistkolkata.co.in/cimage34/111107pic27.jpg]
[www.ivfspecialistkolkata.co.in/cimage34/111107pic28.jpg]
[www.ivfspecialistkolkata.co.in/cimage34/111107pic29.jpg]
[www.ivfspecialistkolkata.co.in/cimage34/111107pic30.jpg]
[www.ivfspecialistkolkata.co.in/cimage34/111107pic31.jpg]
[www.ivfspecialistkolkata.co.in/cimage34/111107pic32.jpg]
[www.ivfspecialistkolkata.co.in/cimage34/111107pic33.jpg]
[www.ivfspecialistkolkata.co.in/cimage34/111107pic34.jpg]
[www.ivfspecialistkolkata.co.in/cimage34/111107pic35.jpg]
[www.ivfspecialistkolkata.co.in/cimage34/111107pic36.jpg]
[www.ivfspecialistkolkata.co.in/cimage34/111107pic37.jpg]
[www.ivfspecialistkolkata.co.in/cimage34/111107pic38.jpg]
[www.ivfspecialistkolkata.co.in/cimage34/111107pic39.jpg]
[www.ivfspecialistkolkata.co.in/cimage34/111107pic40.jpg]
[www.ivfspecialistkolkata.co.in/adver/111107gallery.html]
[www.ivfspecialistkolkata.co.in/adver/111107contact.html]
[www.ivfspecialistkolkata.co.in/adver/111107feedback.html]
[www.ivfspecialistkolkata.co.in/js/jquery-2.1.4.min.html]
[www.ivfspecialistkolkata.co.in/cimage34/111107banner_top_oth.html]
[www.ivfspecialistkolkata.co.in/cimage34/111107ser-bg.html]
[www.ivfspecialistkolkata.co.in/cimage34/111107banner.html]
[www.ivfspecialistkolkata.co.in/cimage34/111107banner_test.html]
[www.ivfspecialistkolkata.co.in/cimage34/111107ear-bg.html]
[www.ivfspecialistkolkata.co.in/cimage34/111107partners-bg.html]
[www.ivfspecialistkolkata.co.in/cimage34/111107bannerenquiry.html]
[www.ivfspecialistkolkata.co.in/cimage34/105118yoga_pattern.html]
[www.ivfspecialistkolkata.co.in/adver/js/jquery-2.1.4.min.html]
[www.ivfspecialistkolkata.co.in/cimage34/111107close.png]
[www.ivfspecialistkolkata.co.in/cimage34/111107prev.png]
[www.ivfspecialistkolkata.co.in/cimage34/111107next.png]
[www.ivfspecialistkolkata.co.in/cimage34/111107lightbox.min.css]
[www.ivfspecialistkolkata.co.in/cimage34/111107loading.html]
[www.ivfspecialistkolkata.co.in/cimage28/loading.html]
